// Jest Snapshot v1, https://goo.gl/fbAQLP

exports[`Builder build parsed .gpx 1`] = `
"<?xml version=\\"1.0\\" encoding=\\"UTF-8\\" standalone=\\"yes\\"?>
<gpx version=\\"1.1\\" xmlns=\\"http://www.topografix.com/GPX/1/1\\" creator=\\"AllTrails https://www.alltrails.com/ - Praha-8,8km\\">
  <metadata>
    <time>2019-10-18T21:50:26.000Z</time>
    <name>Praha-8,8km</name>
  </metadata>
  <wpt lat=\\"50.088387\\" lon=\\"14.3919342\\">
    <name>Start</name>
    <time>2010-01-01T00:00:00.000Z</time>
    <ele>280</ele>
  </wpt>
  <wpt lat=\\"50.08826\\" lon=\\"14.39154\\">
    <name>End</name>
    <time>2010-01-01T00:32:55.000Z</time>
    <ele>282</ele>
  </wpt>
  <trk>
    <name>Praha-8,8km on AllTrails</name>
    <trkseg>
      <trkpt lat=\\"50.088387\\" lon=\\"14.3919342\\">
        <time>2010-01-01T00:00:00.000Z</time>
        <ele>280</ele>
      </trkpt>
      <trkpt lat=\\"50.08826\\" lon=\\"14.39154\\">
        <time>2010-01-01T00:32:55.000Z</time>
        <ele>282</ele>
      </trkpt>
    </trkseg>
  </trk>
</gpx>"
`;
